+oseversion.obj &
+otcanchor.obj &
+otcapplcatr.obj &
+otcavlhnode.obj &
+otcavllnode.obj &
+otcavlnode.obj &
+otcavltnode.obj &
+otcavltree.obj &
+otcbitset.obj &
+otccbitset.obj &
+otcdequei.obj &
+otchashntry.obj &
+otchashtble.obj &
+otciilink.obj &
+otcilink.obj &
+otcivlink.obj &
+otclink.obj &
+otclinkable.obj &
+otclinkcurs.obj &
+otclinkiter.obj &
+otclinklist.obj &
+otclisti.obj &
+otcrange.obj &
+otcrlink.obj &
+otcrngecurs.obj &
+otcvlink.obj &
+otcasrtfail.obj &
+otcassert.obj &
+otcensure.obj &
+otcerrors.obj &
+otcexcption.obj &
+otclogbuf.obj &
+otclogger.obj &
+otclogstrm.obj &
+otcnewhndlr.obj &
+otcoutofmem.obj &
+otcprecfail.obj &
+otcstophere.obj &
+otctermfunc.obj &
+otctobject.obj &
+otctracer.obj &
+otctracetag.obj &
+otctrcebuf.obj &
+otctrcestrm.obj &
+otctrcswtch.obj &
+otcwarning.obj &
+otcaction.obj &
+otcalarm.obj &
+otcdispatch.obj &
+otcenvelope.obj &
+otcevagent.obj &
+otcevent.obj &
+otceventjob.obj &
+otcfnagent.obj &
+otcioevent.obj &
+otcjob.obj &
+otcjoblist.obj &
+otcjobqueue.obj &
+otcmessage.obj &
+otcreceiver.obj &
+otcshutdown.obj &
+otcsignal.obj &
+otcsubject.obj &
+otctimeout.obj &
+otcalign.obj &
+otcarena.obj &
+otccluster.obj &
+otccmmnpool.obj &
+otcheap.obj &
+otcmcobject.obj &
+otcmpobject.obj &
+otcpool.obj &
+otcconnect.obj &
+otcendpoint.obj &
+otcepclient.obj &
+otceplisten.obj &
+otceprgstry.obj &
+otcepserver.obj &
+otcexchange.obj &
+otcinetaddr.obj &
+otcinetclnt.obj &
+otcinetlstn.obj &
+otcinetsrvr.obj &
+otctcpstrm.obj &
+otccopy.obj &
+otcfuncbuf.obj &
+otcfuncstrm.obj &
+otchash.obj &
+otcrank.obj &
+otctermnate.obj &
+otcvfuncbuf.obj &
+otccount.obj &
+otcrcount.obj &
+otcresource.obj &
+otcdirectry.obj &
+otcpathname.obj &
+otcprogram.obj &
+otcsigblock.obj &
+otcsighndle.obj &
+otcstat.obj &
+otccstring.obj &
+otcglobex.obj &
+otclstring.obj &
+otcoptions.obj &
+otcpattern.obj &
+otcrecord.obj &
+otcregex.obj &
+otcregexp.obj &
+otcrstring.obj &
+otcslink.obj &
+otcstring.obj &
+otcsvlink.obj &
+otcsymbol.obj &
+otctracepat.obj &
+otcmutex.obj &
+otcnrmutex.obj &
+otcdate.obj &
+otcduration.obj &
+otctime.obj
